============================= test session starts =============================
platform win32 -- Python 3.11.9, pytest-9.0.2, pluggy-1.6.0
rootdir: C:\mini-quant-fund
configfile: pyproject.toml
collected 1 item

.\.venv\Scripts\pytho
n.exe : 2026-01-02 
20:37:53,354 WARNING 
execution: Vol 
estimation failed 
(insufficient price 
history). Using 
fallback vol=0.01
At line:1 char:1
+ .\.venv\Scripts\pyt
hon.exe -m pytest tes
ts/test_backtester.py
 -v -s > ...
+ ~~~~~~~~~~~~~~~~~~~
~~~~~~~~~~~~~~~~~~~~~
~~~~~~~~~~~~~~~~~~~~~
~~~~~~~~
    + CategoryInfo   
           : NotSpe  
  cified: (2026-01   
 -02 20:3...llbac    
k vol=0.01:Strin    
g) [], RemoteExc    
eption
    + FullyQualified 
   ErrorId : Native  
  CommandError
 
tests\test_backtester.py F

================================== FAILURES ===================================
_____________________ test_backtester_execution_pipeline ______________________

self = Index(['order_id', 'timestamp', 'ticker', 'quantity', 'remaining_qty',
       'order_type', 'status', 'limit_price', 'strategy_id', 'meta'],
      dtype='object')
key = 'id'

    def get_loc(self, key):
        """
        Get integer location, slice or boolean mask for requested label.
    
        Parameters
        ----------
        key : label
    
        Returns
        -------
        int if unique index, slice if monotonic index, else mask
    
        Examples
        --------
        >>> unique_index = pd.Index(list('abc'))
        >>> unique_index.get_loc('b')
        1
    
        >>> monotonic_index = pd.Index(list('abbc'))
        >>> monotonic_index.get_loc('b')
        slice(1, 3, None)
    
        >>> non_monotonic_index = pd.Index(list('abcb'))
        >>> non_monotonic_index.get_loc('b')
        array([False,  True, False,  True])
        """
        casted_key = self._maybe_cast_indexer(key)
        try:
>           return self._engine.get_loc(casted_key)
                   ^^^^^^^^^^^^^^^^^^^^^^^^^^^^^^^^

.venv\Lib\site-packages\pandas\core\indexes\base.py:3812: 
_ _ _ _ _ _ _ _ _ _ _ _ _ _ _ _ _ _ _ _ _ _ _ _ _ _ _ _ _ _ _ _ _ _ _ _ _ _ _ _
pandas/_libs/index.pyx:167: in pandas._libs.index.IndexEngine.get_loc
    ???
pandas/_libs/index.pyx:196: in pandas._libs.index.IndexEngine.get_loc
    ???
pandas/_libs/hashtable_class_helper.pxi:7088: in pandas._libs.hashtable.PyObjectHashTable.get_item
    ???
_ _ _ _ _ _ _ _ _ _ _ _ _ _ _ _ _ _ _ _ _ _ _ _ _ _ _ _ _ _ _ _ _ _ _ _ _ _ _ _

>   ???
E   KeyError: 'id'

pandas/_libs/hashtable_class_helper.pxi:7096: KeyError

The above exception was the direct cause of the following exception:

tmp_path = WindowsPath('C:/Users/Praveen P/AppData/Local/Temp/pytest-of-Praveen P/pytest-7/test_backtester_execution_pipe0')

    def test_backtester_execution_pipeline(tmp_path):
        provider = MockProvider()
    
        # Execution handler with visible costs & participation constraints
        execution = RealisticExecutionHandler(
            commission_pct=0.002,
            max_participation_rate=0.05,
            impact_coeff=0.20,
            adv_lookback=3,
            vol_lookback=3,
            min_vol_fallback=0.01,
        )
    
        engine = BacktestEngine(
            provider=provider,
            initial_capital=1_000_000.0,
            execution_handler=execution,
        )
    
        # -----------------------------------------------------
        # Strategy: intentionally oversized order \u2192 partial fill
        # -----------------------------------------------------
        def strategy_fn(timestamp, prices, engine_ref):
            blotter = engine_ref.get_blotter()
            if blotter.orders_df().empty:
                # Request more than participation allows
                return [Order("TEST", 20_000, OrderType.MARKET, timestamp)]
            return []
    
        # -----------------------------------------------------
        # Run engine (institutional signature)
        # -----------------------------------------------------
        engine.run(
            start_date="2023-01-02",
            tickers=["TEST"],
            strategy_fn=strategy_fn,
        )
    
        # -----------------------------------------------------
        # Blotter integrity
        # -----------------------------------------------------
        blotter = engine.get_blotter()
        orders = blotter.orders_df()
        trades = blotter.trades_df()
    
        assert len(orders) == 1, "Exactly one order must be recorded"
        assert len(trades) >= 1, "At least one trade must be recorded"
    
        # -----------------------------------------------------
        # Correct trade attribution
        # -----------------------------------------------------
>       assert trades.iloc[0]["order_id"] == orders.iloc[0]["id"]
                                             ^^^^^^^^^^^^^^^^^^^^

tests\test_backtester.py:116: 
_ _ _ _ _ _ _ _ _ _ _ _ _ _ _ _ _ _ _ _ _ _ _ _ _ _ _ _ _ _ _ _ _ _ _ _ _ _ _ _
.venv\Lib\site-packages\pandas\core\series.py:1133: in __getitem__
    return self._get_value(key)
           ^^^^^^^^^^^^^^^^^^^^
.venv\Lib\site-packages\pandas\core\series.py:1249: in _get_value
    loc = self.index.get_loc(label)
          ^^^^^^^^^^^^^^^^^^^^^^^^^
_ _ _ _ _ _ _ _ _ _ _ _ _ _ _ _ _ _ _ _ _ _ _ _ _ _ _ _ _ _ _ _ _ _ _ _ _ _ _ _

self = Index(['order_id', 'timestamp', 'ticker', 'quantity', 'remaining_qty',
       'order_type', 'status', 'limit_price', 'strategy_id', 'meta'],
      dtype='object')
key = 'id'

    def get_loc(self, key):
        """
        Get integer location, slice or boolean mask for requested label.
    
        Parameters
        ----------
        key : label
    
        Returns
        -------
        int if unique index, slice if monotonic index, else mask
    
        Examples
        --------
        >>> unique_index = pd.Index(list('abc'))
        >>> unique_index.get_loc('b')
        1
    
        >>> monotonic_index = pd.Index(list('abbc'))
        >>> monotonic_index.get_loc('b')
        slice(1, 3, None)
    
        >>> non_monotonic_index = pd.Index(list('abcb'))
        >>> non_monotonic_index.get_loc('b')
        array([False,  True, False,  True])
        """
        casted_key = self._maybe_cast_indexer(key)
        try:
            return self._engine.get_loc(casted_key)
        except KeyError as err:
            if isinstance(casted_key, slice) or (
                isinstance(casted_key, abc.Iterable)
                and any(isinstance(x, slice) for x in casted_key)
            ):
                raise InvalidIndexError(key)
>           raise KeyError(key) from err
E           KeyError: 'id'

.venv\Lib\site-packages\pandas\core\indexes\base.py:3819: KeyError
------------------------------ Captured log call ------------------------------
WARNING  execution:execution.py:276 Vol estimation failed (insufficient price history). Using fallback vol=0.01
=========================== short test summary info ===========================
FAILED tests/test_backtester.py::test_backtester_execution_pipeline - KeyErro...
============================== 1 failed in 0.47s ==============================
